Program (Statements [ELet (UniVar {_uniVarUni = Bool, _uniVarVar = ?true_0}) (EConst (UniConst Bool True)),ELet (UniVar {_uniVarUni = Bool, _uniVarVar = ?false_1}) (EConst (UniConst Bool False)),ELet (UniVar {_uniVarUni = Field, _uniVarVar = field'_2}) (EConst 0),ELet (UniVar {_uniVarUni = Vector, _uniVarVar = #vector_3}) (EConst (UniConst Vector [True]))])